Content-Type: text/html; charset="UTF-8" Content-Transfer-Encoding: quoted-printable

  

Facts, without motives.

![beacon](https://link.join1440.com/img/67456a0c2f068d0b710a8397me8m9.2s75y/520e4a6f.gif)

### [View email in browser](https://link.join1440.com/view/67456a0c2f068d0b710a8397me8m9.2s75y/35d93fcb).

[![](https://images.chamaileon.io/603e31c9224efc2a1990854e/603e31c9224efc4aca908558/1707233097279_1440Brandmark.png)](https://link.join1440.com/click/37615905.4674886/aHR0cHM6Ly9qb2luMTQ0MC5jb20vP3V0bV9zb3VyY2U9am9pbjE0NDAmdXRtX21lZGl1bT1lbWFpbA/67456a0c2f068d0b710a8397Bdd386200)

 

**In partnership with**

[![](https://images.chamaileon.io/603e31c9224efc2a1990854e/606c622893b338dbb0569766/1633979088137_Babbel%20Logo.png)](https://link.join1440.com/click/37615905.4674886/aHR0cHM6Ly9nby5iYWJiZWwuY29tL3Q_YnNjPWRpcmVjdHBhcnRuZXItMjAyNC1wcm9tbyZidHA9ZGVmYXVsdCZ1dG1fdGVybT1nZW5lcmljX3YxJnV0bV9jYW1wYWlnbj1EaXJlY3QtUGFydG5lcnNoaXBzJnV0bV9tZWRpdW09cGFydG5lciZ1dG1fc291cmNlPTE0NDAmdXRtX2NvbnRlbnQ9cGFydG5lci4uYmxhY2tmcmlkYXkuLk5vdi0yMDI0JmJjbGlkPQ/67456a0c2f068d0b710a8397B0f828fbd)

**Good morning. It's Tuesday, Nov. 26,** and we're covering dropped charges against President-elect Donald Trump, a proposed Israel-Hezbollah ceasefire deal, and much more. First time reading? Join over 4 million intellectually curious readers. **[Sign up here](https://link.join1440.com/click/37615905.4674886/aHR0cHM6Ly9qb2luMTQ0MC5jb20vP3V0bV9zb3VyY2U9am9pbjE0NDAmdXRtX21lZGl1bT1lbWFpbCZ1dG1fY2FtcGFpZ249ZnQy/67456a0c2f068d0b710a8397C50683e38)**.

**Don't keep us a secret**: **[Share the email](mailto:hello@join1440.com?subject=Best%20newsletter%20for%20unbiased%20news&body=Hey%2C%0A%0AI%E2%80%99ve%20been%20reading%201440%2C%20and%20definitely%20think%20you%E2%80%99d%20enjoy%20it%20as%20well.%20It%20has%20all%20of%20the%20day%E2%80%99s%20top%20news%20and%20info%E2%80%94sports%2C%20science%2C%20culture%2C%20politics%2C%20business%2C%20and%20more%E2%80%94%20in%20a%20concise%20and%20impartial%20\(and%20free\)%205-minute%20morning%20email.%20I%20learn%20something%20new%20every%20time%20I%20open%20it.%20Check%20out%20the%20%231%20newsletter%20for%20unbiased%20news%20here%3A%0A%0Ahttps%3A%2F%2Fjoin1440.com%2F%3Futm_source%3Dnl_fwd_cta_main%26utm_medium%3Demail%26utm_campaign%3Dintro-share)** with friends (**[copy URL here](https://link.join1440.com/click/37615905.4674886/aHR0cHM6Ly9qb2luMTQ0MC5jb20vP3V0bV9zb3VyY2U9am9pbjE0NDAmdXRtX21lZGl1bT1ubF9zaGFyZV9zdGFydCZ1dG1fY2FtcGFpZ249aW50cm8tc2hhcmUmc2hhcmU9dHJ1ZQ/67456a0c2f068d0b710a8397Dfbfa09b1)**)

And, as always, send us feedback at **[hello@join1440.com](mailto:hello@join1440.com)**.

Need To Know

Need To Know

 

Trump Charges Dropped

The judge overseeing the Jan. 6 election interference case against President-elect Donald Trump [dropped charges](https://link.join1440.com/click/37615905.4674886/aHR0cHM6Ly9hYmNuZXdzLmdvLmNvbS9VUy9zcGVjaWFsLWNvdW5zZWwtamFjay1zbWl0aC1tb3Zlcy1kaXNtaXNzLWVsZWN0aW9uLWludGVyZmVyZW5jZS9zdG9yeT9pZD0xMTYyMDc3NTgmY2lkPXNvY2lhbF90d2l0dGVyX2FiY24/67456a0c2f068d0b710a8397B1b0d9689) yesterday, following a request from Special Counsel Jack Smith. Smith similarly moved to dismiss charges against Trump, accusing him of illegally retaining [classified documents](https://link.join1440.com/click/37615905.4674886/aHR0cHM6Ly93d3cuYmJjLmNvbS9uZXdzL2FydGljbGVzL2N4Mm40eDFwNzBybw/67456a0c2f068d0b710a8397Bf35bb4b4) after leaving office.  

In filings ([read here](https://link.join1440.com/click/37615905.4674886/aHR0cHM6Ly93d3cuZG9jdW1lbnRjbG91ZC5vcmcvZG9jdW1lbnRzLzI1NDAyNDUzLXRydW1wMTEyNQ/67456a0c2f068d0b710a8397B8f1b9693)), Smith said his view of the case remained unchanged but cited the Justice Department's long-standing legal perspective that federal prosecution of a sitting president is unconstitutional. In the election interference case, prosecutors alleged Trump conspired to interfere with the 2020 election and obstruct the official certification of electoral votes ([see previous write-up](https://link.join1440.com/click/37615905.4674886/aHR0cHM6Ly9qb2luMTQ0MC5jb20vbmV3c2xldHRlci90cnVtcC1pbmRpY3RtZW50LWhlbnJpZXR0YS1sYWNrcy1hbmQtYW1lcmljYXMtYmVzdC1ob3NwaXRhbHM/67456a0c2f068d0b710a8397B36ff27b8)).

Charges were brought last August, with the trial delayed by a legal challenge in which the Supreme Court ultimately ruled former presidents [have some immunity](https://link.join1440.com/click/37615905.4674886/aHR0cHM6Ly93d3cuc2NvdHVzYmxvZy5jb20vMjAyNC8wNy9qdXN0aWNlcy1ydWxlLXRydW1wLWhhcy1zb21lLWltbXVuaXR5LWZyb20tcHJvc2VjdXRpb24v/67456a0c2f068d0b710a8397B2fa83380) to criminal prosecution for acts in office. Smith subsequently refiled updated charges 10 weeks ahead of the election. 

In related news, the president-elect said yesterday evening he would look to [impose 25% tariffs](https://link.join1440.com/click/37615905.4674886/aHR0cHM6Ly9hcG5ld3MuY29tL2FydGljbGUvdHJ1bXAtdGFyaWZmcy1jYW5hZGEtbWV4aWNvLWNoaW5hLTU5MjM5YWZlMTIwMzNjYTk5YzY1YzdhMmJlMGU0ZjBk/67456a0c2f068d0b710a8397B82a35abc) on all goods coming from Canada and Mexico and additional tariffs on Chinese goods on his first day back in office. 

 

Israel Weighs Hezbollah Deal

Israel's Cabinet is expected to vote today on the terms of a proposed [ceasefire deal](https://link.join1440.com/click/37615905.4674886/aHR0cHM6Ly90aGVoaWxsLmNvbS9wb2xpY3kvZGVmZW5zZS81MDA4MTY5LWNlYXNlZmlyZS1kZWFsLWlzcmFlbC1oZXpib2xsYWgv/67456a0c2f068d0b710a8397B81820f07) with Hezbollah in Lebanon.

The deal'which does not cover the Israel-Hamas war in Gaza'would reportedly include a 60-day Israeli withdrawal from southern Lebanon as Hezbollah fighters move north of the Litani River ([see map](https://link.join1440.com/click/37615905.4674886/aHR0cHM6Ly93d3cudW5kZXJzdGFuZGluZ3dhci5vcmcvYmFja2dyb3VuZGVyL3VuZGVyc3RhbmRpbmctaXNyYWVsJUUyJTgwJTk5cy1jYW1wYWlnbi1kZWZlYXQtaGV6Ym9sbGFoLWxlYmFub24/67456a0c2f068d0b710a8397B53256dc4)). The Lebanese army would monitor the border in a process overseen by five countries, led by the US and France. Israel could continue to take military action to disrupt Hezbollah's ability to smuggle weapons and reestablish a border presence.

Hezbollah renewed its [conflict with Israel](https://link.join1440.com/click/37615905.4674886/aHR0cHM6Ly93d3cuY2ZyLm9yZy9iYWNrZ3JvdW5kZXIvd2hhdC1oZXpib2xsYWg/67456a0c2f068d0b710a8397B6a6c0dbd) on Oct. 8, 2023, launching thousands of rockets into the country following Hamas' Oct. 7 attacks. Since then, around 60,000 people have been displaced in Israel and more than 1 million people in Lebanon. Israeli attacks in Lebanon'including a ground invasion this year'have killed more than 3,500 people and wounded over 15,000 others; Hezbollah attacks have killed around 140 people in Israel.

 

Dancing in the Mini Moonlight

Earth's temporary ['mini moon,'](https://link.join1440.com/click/37615905.4674886/aHR0cHM6Ly9hcG5ld3MuY29tL2FydGljbGUvZWFydGgtbWluaS1tb29uLWFkZmIyMmZhODJhMDFkMTY4YzFiNjYzYWNmMTBlYjky/67456a0c2f068d0b710a8397B06f7d11a) a 33-foot asteroid known as 2024 PT5, is departing after spending two months near our planet. The space rock began its horseshoe-shaped path around Earth in late September but was never fully captured as a true satellite.

Scientists believe the bus-sized rock may be a chunk of our [own moon](https://link.join1440.com/click/37615905.4674886/aHR0cHM6Ly93d3cubGl2ZXNjaWVuY2UuY29tL3NwYWNlL2FzdGVyb2lkcy9lYXJ0aHMtbGF0ZXN0LW1pbmltb29uLWNvdWxkLWJlLWEtY2h1bmstb2Ytb3VyLXBsYW5ldHMtcGVybWFuZW50LW1vb24tYW5kLWl0cy1hYm91dC10by1sZWF2ZS11cy1iZWhpbmQ/67456a0c2f068d0b710a8397Bf29edb47) based on its composition and characteristics, finding its makeup closely matches lunar samples collected by Russian and NASA missions in the past. The asteroid's spectral characteristics resemble material from the moon's [maria regions](https://link.join1440.com/click/37615905.4674886/aHR0cHM6Ly9tYXNoYWJsZS5jb20vYXJ0aWNsZS9mYXItc2lkZS1kYXJrLW1vb24tZXhwbGFpbmVk/67456a0c2f068d0b710a8397Bee6732e1)'dark lunar areas formed by ancient lava flows'suggesting it may have been ejected from a lunar crater millions of years ago.

The asteroid will make a brief reappearance in January, passing within 1.1 million miles of our planet'about five times the distance from Earth to the moon. After the flyby, it won't return until 2055.

**_In partnership with Babbel_**

Learn A New Language, See the World

 

[![](https://images.chamaileon.io/603e31c9224efc2a1990854e/606c622893b338dbb0569766/1633979088137_Babbel%20Logo.png)](https://link.join1440.com/click/37615905.4674886/aHR0cHM6Ly9nby5iYWJiZWwuY29tL3Q_YnNjPWRpcmVjdHBhcnRuZXItMjAyNC1wcm9tbyZidHA9ZGVmYXVsdCZ1dG1fdGVybT1nZW5lcmljX3YxJnV0bV9jYW1wYWlnbj1EaXJlY3QtUGFydG5lcnNoaXBzJnV0bV9tZWRpdW09cGFydG5lciZ1dG1fc291cmNlPTE0NDAmdXRtX2NvbnRlbnQ9cGFydG5lci4uYmxhY2tmcmlkYXkuLk5vdi0yMDI0JmJjbGlkPQ/67456a0c2f068d0b710a8397C0f828fbd)

Henry Ford said, 'Anyone who stops learning is old, at 20 or 80. Anyone who keeps learning stays young.' What better way to [**continue educating yourself**](https://link.join1440.com/click/37615905.4674886/aHR0cHM6Ly9nby5iYWJiZWwuY29tL3Q_YnNjPWRpcmVjdHBhcnRuZXItMjAyNC1wcm9tbyZidHA9ZGVmYXVsdCZ1dG1fdGVybT1nZW5lcmljX3YxJnV0bV9jYW1wYWlnbj1EaXJlY3QtUGFydG5lcnNoaXBzJnV0bV9tZWRpdW09cGFydG5lciZ1dG1fc291cmNlPTE0NDAmdXRtX2NvbnRlbnQ9cGFydG5lci4uYmxhY2tmcmlkYXkuLk5vdi0yMDI0JmJjbGlkPQ/67456a0c2f068d0b710a8397D0f828fbd) than by exploring the world. If you're worried about the language barrier'meet Babbel.

Babbel helps you [**start speaking a new language**](https://link.join1440.com/click/37615905.4674886/aHR0cHM6Ly9nby5iYWJiZWwuY29tL3Q_YnNjPWRpcmVjdHBhcnRuZXItMjAyNC1wcm9tbyZidHA9ZGVmYXVsdCZ1dG1fdGVybT1nZW5lcmljX3YxJnV0bV9jYW1wYWlnbj1EaXJlY3QtUGFydG5lcnNoaXBzJnV0bV9tZWRpdW09cGFydG5lciZ1dG1fc291cmNlPTE0NDAmdXRtX2NvbnRlbnQ9cGFydG5lci4uYmxhY2tmcmlkYXkuLk5vdi0yMDI0JmJjbGlkPQ/67456a0c2f068d0b710a8397E0f828fbd) in just _three weeks_. Seriously. Things have changed a bit since the days of flashcards and vocab quizzes. Designed by 150 linguists, Babbel uses podcasts, games, live online classes, and other proven methods to [**make you conversational quickly**](https://link.join1440.com/click/37615905.4674886/aHR0cHM6Ly9nby5iYWJiZWwuY29tL3Q_YnNjPWRpcmVjdHBhcnRuZXItMjAyNC1wcm9tbyZidHA9ZGVmYXVsdCZ1dG1fdGVybT1nZW5lcmljX3YxJnV0bV9jYW1wYWlnbj1EaXJlY3QtUGFydG5lcnNoaXBzJnV0bV9tZWRpdW09cGFydG5lciZ1dG1fc291cmNlPTE0NDAmdXRtX2NvbnRlbnQ9cGFydG5lci4uYmxhY2tmcmlkYXkuLk5vdi0yMDI0JmJjbGlkPQ/67456a0c2f068d0b710a8397F0f828fbd). Plus, get pronunciation tips and cultural context for each of the 14 languages offered. 

Don't wait for the perfect time or the perfect trip'[**start learning today**](https://link.join1440.com/click/37615905.4674886/aHR0cHM6Ly9nby5iYWJiZWwuY29tL3Q_YnNjPWRpcmVjdHBhcnRuZXItMjAyNC1wcm9tbyZidHA9ZGVmYXVsdCZ1dG1fdGVybT1nZW5lcmljX3YxJnV0bV9jYW1wYWlnbj1EaXJlY3QtUGFydG5lcnNoaXBzJnV0bV9tZWRpdW09cGFydG5lciZ1dG1fc291cmNlPTE0NDAmdXRtX2NvbnRlbnQ9cGFydG5lci4uYmxhY2tmcmlkYXkuLk5vdi0yMDI0JmJjbGlkPQ/67456a0c2f068d0b710a8397G0f828fbd) and you'll run out of reasons to push that vacation off for another year. For a limited time, 1440 readers can take advantage of their biggest discount ever: [**67% off while their Black Friday Sale lasts!**](https://link.join1440.com/click/37615905.4674886/aHR0cHM6Ly9nby5iYWJiZWwuY29tL3Q_YnNjPWRpcmVjdHBhcnRuZXItMjAyNC1wcm9tbyZidHA9ZGVmYXVsdCZ1dG1fdGVybT1nZW5lcmljX3YxJnV0bV9jYW1wYWlnbj1EaXJlY3QtUGFydG5lcnNoaXBzJnV0bV9tZWRpdW09cGFydG5lciZ1dG1fc291cmNlPTE0NDAmdXRtX2NvbnRlbnQ9cGFydG5lci4uYmxhY2tmcmlkYXkuLk5vdi0yMDI0JmJjbGlkPQ/67456a0c2f068d0b710a8397H0f828fbd)

_Please support our sponsors!_

In The Know

In The Know

 

Sports, Entertainment, & Culture

**\>** **General Motors to join** Formula 1 as its 11th team beginning in 2026 under GM's Cadillac brand ([More](https://link.join1440.com/click/37615905.4674886/aHR0cHM6Ly93d3cuZXNwbi5jb20vZjEvc3RvcnkvXy9pZC80MjYwNTk0OC9mb3JtdWxhLTEtYXBwcm92ZXMtZ20tMTF0aC10ZWFtLWdyaWQtMjAyNi1zZWFzb24_dXRtX3NvdXJjZT1qb2luMTQ0MCZ1dG1fbWVkaXVtPWVtYWlsJnV0bV9wbGFjZW1lbnQ9bmV3c2xldHRlcg/67456a0c2f068d0b710a8397Bec2a9113)) 

**\>** **Rapper Drake accuses** Universal Music Group and Spotify of conspiring to artificially inflate the streaming numbers for Kendrick Lamar's diss track song "Not Like Us" ([More](https://link.join1440.com/click/37615905.4674886/aHR0cHM6Ly92YXJpZXR5LmNvbS8yMDI0L211c2ljL25ld3MvZHJha2UtY2xhaW1zLXVuaXZlcnNhbC1zcG90aWZ5LWFydGlmaWNpYWxseS1pbmZsYXRlZC1rZW5kcmljay1sYW1hci1udW1iZXJzLWZvci1ub3QtbGlrZS11cy1kaXNzLTEyMzYyMjMwNzcvP3V0bV9zb3VyY2U9am9pbjE0NDAmdXRtX21lZGl1bT1lbWFpbCZ1dG1fcGxhY2VtZW50PW5ld3NsZXR0ZXI/67456a0c2f068d0b710a8397Bd6051943)) 

**\>** **Elton John loses** eyesight in his right eye for last four months due to an infection ([More](https://link.join1440.com/click/37615905.4674886/aHR0cHM6Ly93d3cudXNhdG9kYXkuY29tL3N0b3J5L2VudGVydGFpbm1lbnQvbXVzaWMvMjAyNC8xMS8yNS9lbHRvbi1qb2huLXZpc2lvbi1sb3NzLWV5ZXNpZ2h0Lzc2NTY2NjQ5MDA3Lz90YnJlZj1ocD91dG1fc291cmNlPWpvaW4xNDQwJnV0bV9tZWRpdW09ZW1haWwmdXRtX3BsYWNlbWVudD1uZXdzbGV0dGVy/67456a0c2f068d0b710a8397Bd10858df)) | **Barbara Taylor Bradford**, romance novelist best known for "A Woman of Substance," dies at age 91 ([More](https://link.join1440.com/click/37615905.4674886/aHR0cHM6Ly93d3cubmJjbmV3cy5jb20vbmV3cy9vYml0dWFyaWVzL2JhcmJhcmEtdGF5bG9yLWJyYWRmb3JkLWRpZXMtcmNuYTE4MTYxMj91dG1fc291cmNlPWpvaW4xNDQwJnV0bV9tZWRpdW09ZW1haWwmdXRtX3BsYWNlbWVudD1uZXdzbGV0dGVy/67456a0c2f068d0b710a8397Baf1acbc4))

 

Science & Technology

**\>** **Chipmaker Nvidia** debuts Fugatto, an AI model that creates audio from text prompts and can modify existing songs ([More](https://link.join1440.com/click/37615905.4674886/aHR0cHM6Ly93d3cuZW5nYWRnZXQuY29tL2FpL252aWRpYXMtbmV3LWFpLW1vZGVsLWZ1Z2F0dG8tY2FuLWNyZWF0ZS1hdWRpby1mcm9tLXRleHQtcHJvbXB0cy0xNDAwMTcyOTcuaHRtbD91dG1fc291cmNlPWpvaW4xNDQwJnV0bV9tZWRpdW09ZW1haWwmdXRtX3BsYWNlbWVudD1uZXdzbGV0dGVy/67456a0c2f068d0b710a8397Bee80ea0a)) | **How generative AI works** in simple terms ([More](https://link.join1440.com/click/37615905.4674886/aHR0cHM6Ly93d3cueW91dHViZS5jb20vd2F0Y2g_dj1iY18wcG40T3JEYw/67456a0c2f068d0b710a8397B26ea01a4), w/video)

**\>** **Neuroscientists pinpoint** brain circuit responsible for the rejection of mating partners by female mammals ([More](https://link.join1440.com/click/37615905.4674886/aHR0cHM6Ly9pbnRlcmVzdGluZ2VuZ2luZWVyaW5nLmNvbS9zY2llbmNlL3NleHVhbC1yZWplY3Rpb24tbmV1cm9uLWZlbWFsZS1tYW1tYWxzP3V0bV9zb3VyY2U9am9pbjE0NDAmdXRtX21lZGl1bT1lbWFpbCZ1dG1fcGxhY2VtZW50PW5ld3NsZXR0ZXI/67456a0c2f068d0b710a8397Baf5a34db)) | **Elon Musk's Neuralink** to launch feasibility study of brain implant that can control robotic arms ([More](https://link.join1440.com/click/37615905.4674886/aHR0cHM6Ly93d3cucGNtYWcuY29tL25ld3MvbmV1cmFsaW5rLXByZXBzLWJyYWluLWNoaXAtdGhhdC1jYW4tY29udHJvbC1yb2JvdGljLWFybXM/67456a0c2f068d0b710a8397Be97cb953))

**\>** **Researchers unearth** the oldest firearm in the US, a bronze cannon used during a 16th-century Spanish expedition into the southwest ([More](https://link.join1440.com/click/37615905.4674886/aHR0cHM6Ly9waHlzLm9yZy9uZXdzLzIwMjQtMTEtb2xkZXN0LWZpcmVhcm0tdW5lYXJ0aGVkLWFyaXpvbmEtYnJvbnplLmh0bWw_dXRtX3NvdXJjZT1qb2luMTQ0MCZ1dG1fbWVkaXVtPWVtYWlsJnV0bV9wbGFjZW1lbnQ9bmV3c2xldHRlcg/67456a0c2f068d0b710a8397Ba542ed90)) 

 

Business & Markets

**\>** **US stock markets** close higher (S&P 500 +0.3%, Dow +1.0%, Nasdaq +0.3%) following news President-elect Donald Trump selects hedge fund manager Scott Bessent to lead the Treasury Department ([More](https://link.join1440.com/click/37615905.4674886/aHR0cHM6Ly9maW5hbmNlLnlhaG9vLmNvbS9uZXdzL2xpdmUvc3RvY2stbWFya2V0LXRvZGF5LWRvdy1sZWFwcy00MDAtcG9pbnRzLXRvLWZyZXNoLWhpZ2gtYXMtd2FsbC1zdHJlZXQtY2hlZXJzLXRydW1wcy1waWNrLW9mLXNjb3R0LWJlc3NlbnQtMjEwMDQzMDU2Lmh0bWw_dXRtX3NvdXJjZT1qb2luMTQ0MCZ1dG1fbWVkaXVtPWVtYWlsJnV0bV9wbGFjZW1lbnQ9bmV3c2xldHRlcg/67456a0c2f068d0b710a8397B4422b8b3)) 

**\>** **Macy's delays reporting** Q3 earnings after discovering an employee hid as much as $154M in delivery expenses over the past three years; figures expected Dec. 11 ([More](https://link.join1440.com/click/37615905.4674886/aHR0cHM6Ly93d3cuY25iYy5jb20vMjAyNC8xMS8yNS9tYWN5cy1wb3N0cy1wcmVsaW1pbmFyeS1yZXN1bHRzLWRlbGF5cy1mdWxsLWVhcm5pbmdzLXJlbGVhc2UuaHRtbD91dG1fc291cmNlPWpvaW4xNDQwJnV0bV9tZWRpdW09ZW1haWwmdXRtX3BsYWNlbWVudD1uZXdzbGV0dGVy/67456a0c2f068d0b710a8397Bcfa73e78)) | **Kohl's CEO** to be replaced by Michaels CEO in January; transition marks company's third leadership change since 2018 ([More](https://link.join1440.com/click/37615905.4674886/aHR0cHM6Ly93d3cuY25iYy5jb20vMjAyNC8xMS8yNS9rb2hscy1jZW8tdG9tLWtpbmdzYnVyeS10by1zdGVwLWRvd24tcmVwbGFjZWQtYnktYXNobGV5LWJ1Y2hhbmFuLmh0bWw_dXRtX3NvdXJjZT1qb2luMTQ0MCZ1dG1fbWVkaXVtPWVtYWlsJnV0bV9wbGFjZW1lbnQ9bmV3c2xldHRlcg/67456a0c2f068d0b710a8397Be2c4b572))

**\>** **Blackstone invests $3.5B** in US natural gas company EQT, gaining minority stakes in Mid-Atlantic pipelines expected to see a surge in demand amid expected growth of data centers powering AI ([More](https://link.join1440.com/click/37615905.4674886/aHR0cHM6Ly93d3cuZGF0YWNlbnRlcmtub3dsZWRnZS5jb20vZW5lcmd5LXBvd2VyLXN1cHBseS9ibGFja3N0b25lLWVxdC1mb3JtLTMtNWItZ2FzLXBpcGVsaW5lLXZlbnR1cmUtYW1pZC1haS1ib29tP3V0bV9zb3VyY2U9am9pbjE0NDAmdXRtX21lZGl1bT1lbWFpbCZ1dG1fcGxhY2VtZW50PW5ld3NsZXR0ZXI/67456a0c2f068d0b710a8397B09b166e7))

**ð** **1440 Business & Finance:** This week, we have a Thanksgiving Day special, exploring how Macy's became a cultural icon'and launched its famous holiday parade. The newsletter this week comes out tomorrow; [**sign up here for free!**](https://link.join1440.com/click/37615905.4674886/aHR0cHM6Ly9kaXNjb3Zlci5qb2luMTQ0MC5jb20vdG9waWNzL2J1c2luZXNzLWFuZC1maW5hbmNl/67456a0c2f068d0b710a8397B19e081e3)

**_In partnership with FinanceBuzz_**

**Why You Should Cancel Your Car Insurance**

**Why You Should Cancel Your Car Insurance**

You _could_ be wasting hundreds every year on overpriced insurance. The experts at FinanceBuzz believe they can help. 

If your rate went up in the last 12 months, [**check out this new tool from FinanceBuzz**](https://link.join1440.com/click/37615905.4674886/aHR0cHM6Ly93d3cueXJ4dHJrLmNvbS9hZmZfYWQ_Y2FtcGFpZ25faWQ9NjA0JmFmZl9pZD0yMDIxJnNvdXJjZT0xNDQwJmFmZl9zdWI9bmV3c2xldHRlci1hdXRvLWZyLTExLjI2JmFmZl9zdWIyPXdoeS15b3Utc2hvdWxkLWNhbmNlbC15b3VyLWNhci1pbnN1cmFuY2VfMV9hdXRvLWNhciZhZmZfdW5pcXVlMT1TZWUraWYreW914oCZcmUrb25lK29mK2ErbWlsbGlvbitBbWVyaWNhbnMrb3ZlcnBheWluZytmb3IrY2FyK2luc3VyYW5jZSEmYWZmX3VuaXF1ZTI9RW50ZXIreW91cit6aXArY29kZSthbmQrZmluZCtvdXQraW4rYXMrbGl0dGxlK2FzKzIgbWluIQ/67456a0c2f068d0b710a8397Bd1fdf80d) to see if you're overpaying in just a few clicks! They match drivers with companies reporting savings of $600 or more per year when switching!\* Plus, once you use it, [**you'll always have access to the lowest rates**](https://link.join1440.com/click/37615905.4674886/aHR0cHM6Ly93d3cueXJ4dHJrLmNvbS9hZmZfYWQ_Y2FtcGFpZ25faWQ9NjA0JmFmZl9pZD0yMDIxJnNvdXJjZT0xNDQwJmFmZl9zdWI9bmV3c2xldHRlci1hdXRvLWZyLTExLjI2JmFmZl9zdWIyPXdoeS15b3Utc2hvdWxkLWNhbmNlbC15b3VyLWNhci1pbnN1cmFuY2VfMV9hdXRvLWNhciZhZmZfdW5pcXVlMT1TZWUraWYreW914oCZcmUrb25lK29mK2ErbWlsbGlvbitBbWVyaWNhbnMrb3ZlcnBheWluZytmb3IrY2FyK2luc3VyYW5jZSEmYWZmX3VuaXF1ZTI9RW50ZXIreW91cit6aXArY29kZSthbmQrZmluZCtvdXQraW4rYXMrbGl0dGxlK2FzKzIgbWluIQ/67456a0c2f068d0b710a8397Cd1fdf80d); best yet, it's free. Answer a few easy questions to see how much you could be saving.

[**1440 readers ' See if you're overpaying now.**](https://link.join1440.com/click/37615905.4674886/aHR0cHM6Ly93d3cueXJ4dHJrLmNvbS9hZmZfYWQ_Y2FtcGFpZ25faWQ9NjA0JmFmZl9pZD0yMDIxJnNvdXJjZT0xNDQwJmFmZl9zdWI9bmV3c2xldHRlci1hdXRvLWZyLTExLjI2JmFmZl9zdWIyPXdoeS15b3Utc2hvdWxkLWNhbmNlbC15b3VyLWNhci1pbnN1cmFuY2VfMV9hdXRvLWNhciZhZmZfdW5pcXVlMT1TZWUraWYreW914oCZcmUrb25lK29mK2ErbWlsbGlvbitBbWVyaWNhbnMrb3ZlcnBheWluZytmb3IrY2FyK2luc3VyYW5jZSEmYWZmX3VuaXF1ZTI9RW50ZXIreW91cit6aXArY29kZSthbmQrZmluZCtvdXQraW4rYXMrbGl0dGxlK2FzKzIgbWluIQ/67456a0c2f068d0b710a8397Dd1fdf80d)

_\*Savings vary based on driving history and discounts._

 

 

Politics & World Affairs

**\>** **Charlotte airport workers** strike, calling for higher wages ahead of record holiday travel season; airport is a hub for American Airlines ([More](https://link.join1440.com/click/37615905.4674886/aHR0cHM6Ly9hcG5ld3MuY29tL2FydGljbGUvY2hhcmxvdHRlLWFpcnBvcnQtd29ya2Vycy1zdHJpa2UtM2EwMGVkMTVhZWRmZGQ4YjVlMjM4M2ZlYWI1M2NiNWE_dXRtX3NvdXJjZT1qb2luMTQ0MCZ1dG1fbWVkaXVtPWVtYWlsJnV0bV9wbGFjZW1lbnQ9bmV3c2xldHRlcg/67456a0c2f068d0b710a8397Bd8584c61))

**\>** **Los Angeles judge** delays hearing on Menendez brothers resentencing to January 2025, allowing for incoming district attorney to weigh in on the case ([More](https://link.join1440.com/click/37615905.4674886/aHR0cHM6Ly93d3cuY2JzbmV3cy5jb20vbmV3cy9tZW5lbmRlei1icm90aGVycy10by1mYWNlLWNvdXJ0LWhlYXJpbmctaW4tYmlkLWZvci1mcmVlZG9tLz91dG1fc291cmNlPWpvaW4xNDQwJnV0bV9tZWRpdW09ZW1haWwmdXRtX3BsYWNlbWVudD1uZXdzbGV0dGVy/67456a0c2f068d0b710a8397Bf05dc880)) | **See previous write-up** ([More](https://link.join1440.com/click/37615905.4674886/aHR0cHM6Ly9qb2luMTQ0MC5jb20vbmV3c2xldHRlci90ZWNoLXR1cm5zLW51Y2xlYXItZWd5cHRpYW4tbXVzZXVtLWFuZC1hc3Ryb25hdXRzLWluLXByYWRh/67456a0c2f068d0b710a8397Bad978c3c))

**\>** **Uruguay's presidential election** won by center-left opposition candidate YamandÃº Orsi, continuing global trend of incumbents being voted from office ([More](https://link.join1440.com/click/37615905.4674886/aHR0cHM6Ly93d3cuc2VtYWZvci5jb20vYXJ0aWNsZS8xMS8yNS8yMDI0L3VydWd1YXlzLWNlbnRlci1sZWZ0LWNhbmRpZGF0ZS13aW5zLXByZXNpZGVudGlhbC1lbGVjdGlvbj91dG1fc291cmNlPWpvaW4xNDQwJnV0bV9tZWRpdW09ZW1haWwmdXRtX3BsYWNlbWVudD1uZXdzbGV0dGVy/67456a0c2f068d0b710a8397B7870982f))

 

In-Depth

**\>** **Sitters and Standers**

**The Pudding** | **Alvin Chang**. Your position while working may say a lot about you'including your income bracket and work flexibility. See a visualization of the data on America's workers'and the great divide between standers and sitters. ([Watch](https://link.join1440.com/click/37615905.4674886/aHR0cHM6Ly93d3cueW91dHViZS5jb20vd2F0Y2g_dj1zRV9FdzBCZTRxRQ/67456a0c2f068d0b710a8397C0d8ae506))

**\>** **Switched Before Birth**

 **New York Times Mag** | **Susan Dominus**. Two couples discover their babies were accidentally switched as embryos, leaving them asking: what now? ([Read](https://link.join1440.com/click/37615905.4674886/aHR0cHM6Ly93d3cubnl0aW1lcy5jb20vMjAyNC8xMS8yNS9tYWdhemluZS9pdmYtY2xpbmljLW1peHVwLmh0bWw_dW5sb2NrZWRfYXJ0aWNsZV9jb2RlPTEuYzA0LkxRVWgua2hyS1A5My1KZ0EtJnNtaWQ9dXJsLXNoYXJl/67456a0c2f068d0b710a8397B7b77bc8a))

**_In partnership with Babbel_**

15 Hours Of Babbel = 1 Semester At College

 

Impressive stat, right? You'll be even more impressed when you [**start speaking a new language in just three weeks**](https://link.join1440.com/click/37615905.4674886/aHR0cHM6Ly9nby5iYWJiZWwuY29tL3Q_YnNjPWRpcmVjdHBhcnRuZXItMjAyNC1wcm9tbyZidHA9ZGVmYXVsdCZ1dG1fdGVybT1nZW5lcmljX3YxJnV0bV9jYW1wYWlnbj1EaXJlY3QtUGFydG5lcnNoaXBzJnV0bV9tZWRpdW09cGFydG5lciZ1dG1fc291cmNlPTE0NDAmdXRtX2NvbnRlbnQ9cGFydG5lci4uYmxhY2tmcmlkYXkuLk5vdi0yMDI0JmJjbGlkPQ/67456a0c2f068d0b710a8397I0f828fbd)!

Used by avid travelers, lifelong learners, and everyday professionals, Babbel is [**the modern method to learn your dream language**](https://link.join1440.com/click/37615905.4674886/aHR0cHM6Ly9nby5iYWJiZWwuY29tL3Q_YnNjPWRpcmVjdHBhcnRuZXItMjAyNC1wcm9tbyZidHA9ZGVmYXVsdCZ1dG1fdGVybT1nZW5lcmljX3YxJnV0bV9jYW1wYWlnbj1EaXJlY3QtUGFydG5lcnNoaXBzJnV0bV9tZWRpdW09cGFydG5lciZ1dG1fc291cmNlPTE0NDAmdXRtX2NvbnRlbnQ9cGFydG5lci4uYmxhY2tmcmlkYXkuLk5vdi0yMDI0JmJjbGlkPQ/67456a0c2f068d0b710a8397J0f828fbd). No textbooks, flashcards, or vocab'Babbel utilizes a proven program designed by 150 linguists to help you become conversational in 10 minutes a day. [**Jetset your learning with 67% off Babbel during their Black Friday sale!**](https://link.join1440.com/click/37615905.4674886/aHR0cHM6Ly9nby5iYWJiZWwuY29tL3Q_YnNjPWRpcmVjdHBhcnRuZXItMjAyNC1wcm9tbyZidHA9ZGVmYXVsdCZ1dG1fdGVybT1nZW5lcmljX3YxJnV0bV9jYW1wYWlnbj1EaXJlY3QtUGFydG5lcnNoaXBzJnV0bV9tZWRpdW09cGFydG5lciZ1dG1fc291cmNlPTE0NDAmdXRtX2NvbnRlbnQ9cGFydG5lci4uYmxhY2tmcmlkYXkuLk5vdi0yMDI0JmJjbGlkPQ/67456a0c2f068d0b710a8397K0f828fbd)

_Please support our sponsors!_

Etcetera

Etcetera

 

Meet this year's pardoned turkeys: [Peach and Blossom](https://link.join1440.com/click/37615905.4674886/aHR0cHM6Ly9hYmNuZXdzLmdvLmNvbS9Qb2xpdGljcy9wZWFjaC1ibG9zc29tLWNvbnRpbnVlLXdoaXRlLWhvdXNlLXR1cmtleS10cmFkaXRpb24vc3Rvcnk_aWQ9MTE2MTgyNzc2P3V0bV9zb3VyY2U9am9pbjE0NDAmdXRtX21lZGl1bT1lbWFpbCZ1dG1fcGxhY2VtZW50PW5ld3NsZXR0ZXI/67456a0c2f068d0b710a8397B5f099ca9).

The 25 most influential cookbooks from [the past 100 years](https://link.join1440.com/click/37615905.4674886/aHR0cHM6Ly93d3cubnl0aW1lcy5jb20vMjAyNC8xMS8xNS90LW1hZ2F6aW5lL21vc3QtaW5mbHVlbnRpYWwtY29va2Jvb2tzLmh0bWw_dW5sb2NrZWRfYXJ0aWNsZV9jb2RlPTEuY2s0LnE2eVYuS2ZFZGVxN21Wa3dDJnNtaWQ9dXJsLXNoYXJl/67456a0c2f068d0b710a8397B91c6ef1e). 

Rural Argentinian doctor travels by donkey [to visit patients](https://link.join1440.com/click/37615905.4674886/aHR0cHM6Ly9hcG5ld3MuY29tL2FydGljbGUvYXJnZW50aW5hLXJ1cmFsLW1lZGljaW5lLWRvbmtleS1tb3VudGFpbnMtNjYzZjdhMTAxYjJmMzlhZGQyYmUzNDM2YTQxMWUwNzc_dXRtX3NvdXJjZT1qb2luMTQ0MCZ1dG1fbWVkaXVtPWVtYWlsJnV0bV9wbGFjZW1lbnQ9bmV3c2xldHRlcg/67456a0c2f068d0b710a8397Bbfd12e50). (w/photo)

YouTuber MrBeast debuts trailer for ["Squid Game"-inspired show](https://link.join1440.com/click/37615905.4674886/aHR0cHM6Ly92YXJpZXR5LmNvbS8yMDI0L3R2L25ld3MvbXJiZWFzdC1iZWFzdC1nYW1lcy1wcmVtaWVyZS1kYXRlLXByaW1lLXZpZGVvLXRyYWlsZXItMTIzNjIyMjkxMS8_dXRtX3NvdXJjZT1qb2luMTQ0MCZ1dG1fbWVkaXVtPWVtYWlsJnV0bV9wbGFjZW1lbnQ9bmV3c2xldHRlcg/67456a0c2f068d0b710a8397Bf165acbc).

Warren Buffett advises parents to [preview their wills](https://link.join1440.com/click/37615905.4674886/aHR0cHM6Ly93d3cuY25iYy5jb20vMjAyNC8xMS8yNS93YXJyZW4tYnVmZmV0dC1vbmUtdGhpbmctYWxsLXBhcmVudHMtc2hvdWxkLWRvLXdpdGgtdGhlaXItZXN0YXRlLXBsYW4uaHRtbD91dG1fc291cmNlPWpvaW4xNDQwJnV0bV9tZWRpdW09ZW1haWwmdXRtX3BsYWNlbWVudD1uZXdzbGV0dGVy/67456a0c2f068d0b710a8397B39d36505).

New York [decriminalizes adultery](https://link.join1440.com/click/37615905.4674886/aHR0cHM6Ly9nb3RoYW1pc3QuY29tL25ld3MvYWR1bHRlcnktbGF3LXJlcGVhbGVkLW5ldy15b3JrLWhvY2h1bD91dG1fc291cmNlPWpvaW4xNDQwJnV0bV9tZWRpdW09ZW1haWwmdXRtX3BsYWNlbWVudD1uZXdzbGV0dGVy/67456a0c2f068d0b710a8397B155bc33a).

Message in a bottle from 1892 [discovered in Scotland](https://link.join1440.com/click/37615905.4674886/aHR0cHM6Ly93d3cudXBpLmNvbS9PZGRfTmV3cy8yMDI0LzExLzI1L3Njb3RsYW5kLW1lc3NhZ2UtYm90dGxlLWxpZ2h0aG91c2UtMTMyLXllYXJzLzMyMjE3MzI1NjA2NDEvP3V0bV9zb3VyY2U9am9pbjE0NDAmdXRtX21lZGl1bT1lbWFpbCZ1dG1fcGxhY2VtZW50PW5ld3NsZXR0ZXI/67456a0c2f068d0b710a8397Bae36649d). (w/video)

New portable synth instrument [debuts with 13 keys](https://link.join1440.com/click/37615905.4674886/aHR0cHM6Ly9jb25zZXF1ZW5jZS5uZXQvMjAyNC8xMS90YW1lLWltcGFsYS1rZXZpbi1wYXJrZXItdGhlLW9yY2hpZC1zeW50aC8_dXRtX3NvdXJjZT1qb2luMTQ0MCZ1dG1fbWVkaXVtPWVtYWlsJnV0bV9wbGFjZW1lbnQ9bmV3c2xldHRlcg/67456a0c2f068d0b710a8397Bc4aee12d).

**Clickbait:** See video of [explosive cucumber](https://link.join1440.com/click/37615905.4674886/aHR0cHM6Ly93d3cuaWZsc2NpZW5jZS5jb20vZXhwbG9zaXZlLXN0dWR5LXJldmVhbHMtaG93LXNxdWlydGluZy1jdWN1bWJlci1lbmdvcmdlcy1hbmQtZXJ1cHRzLXNob290aW5nLXNlZWRzLTEwLW1ldGVycy03NjkzNz91dG1fc291cmNlPWpvaW4xNDQwJnV0bV9tZWRpdW09ZW1haWwmdXRtX3BsYWNlbWVudD1uZXdzbGV0dGVy/67456a0c2f068d0b710a8397B50e4430b).

**Historybook:** Abolitionist [Sojourner Truth](https://link.join1440.com/click/37615905.4674886/aHR0cHM6Ly93d3cuaGlzdG9yeS5jb20vdG9waWNzL2JsYWNrLWhpc3Rvcnkvc29qb3VybmVyLXRydXRo/67456a0c2f068d0b710a8397B479bc11e) dies (1883); National Hockey League founded (1917); "Peanuts" creator Charles M. Schulz born (1922); King Tut's tomb is uncovered by British archaeologist Howard Carter (1922); Singer and actress Tina Turner born (1939).

"Life is like a 10-speed bicycle. Most of us have gears we never use."

\- Charles M. Schulz

**Why 1440?** The printing press was invented around the year 1440, spreading knowledge to the masses and changing the course of history. More facts: In every day, there are 1,440 minutes. We're here to make each one count.

**Send us your feedback at** [hello@join1440.com](mailto:hello@join1440.com) and help us stay as unbiased as humanly possible. We're ready to listen.

**Interested in reaching intellectually curious readers like you?** To become a 1440 partner, [apply here](https://link.join1440.com/click/37615905.4674886/aHR0cHM6Ly9qb2luMTQ0MC5jb20vcGFydG5lcg/67456a0c2f068d0b710a8397B3608b715).

1440 Media 222 W Merchandise Mart Plaza, Suite 1212 Chicago, IL 60654

Copyright © 2024, 1440 Media, All rights reserved.

![](https://images.chamaileon.io/603e31c9224efc2a1990854e/603e31c9224efc4aca908558/1707233097279_1440Brandmark.png)

 

![](https://join1440.everestengagement.com/ea/czipVtFs98/?e=[email,+fallback=]&c=%3C$Enc.CampaignID$%3E)

[Unsubscribe](https://link.join1440.com/oc/67456a0c2f068d0b710a8397me8m9.2s75y/136f4374) from this email or [update my subscription preferences](https://link.join1440.com/click/37615905.4674886/aHR0cHM6Ly9qb2luMTQ0MC5jb20vcHJlZmVyZW5jZXM/67456a0c2f068d0b710a8397Ba6a666b7).